Component: ARM Compiler 5.05 update 1 (build 106) Tool: armlink [4d0efa]

==============================================================================

Small function inlining results

Inlined function __aeabi_idiv0 from aeabi_idiv0.o at offset 0x154 in aeabi_sdiv.o(.text).
Inlined Instruction: BX       lr
Inlined function __aeabi_idiv0 from aeabi_idiv0.o at offset 0x154 in aeabi_sdiv_div0.o(.text).
Inlined Instruction: BX       lr
Inlined function _platform_pre_stackheap_init from boardinit1.o at offset 0x0 in __rtentry2.o(.ARM.Collect$$rtentry$$00000001).
Inlined Instruction: BX       lr
Inlined function _fp_init from fpinit.o at offset 0x0 in libinit2.o(.ARM.Collect$$libinit$$00000001).
Inlined Instruction: BX       lr
Inlined function _platform_pre_lib_shutdown from boardshut.o at offset 0x0 in rtexit2.o(.ARM.Collect$$rtexit$$00000001).
Inlined Instruction: BX       lr
Inlined function __ARM_get_argv from no_argv.o at offset 0x2 in argv_veneer.o(.text).
Inlined Instruction: BX       lr
Inlined total of 6 calls.

==============================================================================

Memory Map of the image

  Image Entry point : 0x0000019d

  Load Region LR_1 (Base: 0x00000000, Size: 0x00005350, Max: 0xffffffff, ABSOLUTE)

    Execution Region ER_RO (Base: 0x00000000, Size: 0x00004b04, Max: 0xffffffff, ABSOLUTE)

    Base Addr    Size         Type   Attr      Idx    E Section Name        Object

    0x00000000   0x000000c0   Data   RO           55    RESET               startup_nuc1xx.o
    0x000000c0   0x00000008   Code   RO         1949  * !!!main             c_p.l(__main.o)
    0x000000c8   0x0000003c   Code   RO         2115    !!!scatter          c_p.l(__scatter.o)
    0x00000104   0x0000001a   Code   RO         2117    !!handler_copy      c_p.l(__scatter_copy.o)
    0x0000011e   0x00000002   PAD
    0x00000120   0x0000001c   Code   RO         2119    !!handler_zi        c_p.l(__scatter_zi.o)
    0x0000013c   0x00000002   Code   RO         1987    .ARM.Collect$$libinit$$00000000  c_p.l(libinit.o)
    0x0000013e   0x00000000   Code   RO         2001    .ARM.Collect$$libinit$$00000002  c_p.l(libinit2.o)
    0x0000013e   0x00000000   Code   RO         2003    .ARM.Collect$$libinit$$00000004  c_p.l(libinit2.o)
    0x0000013e   0x00000000   Code   RO         2006    .ARM.Collect$$libinit$$0000000A  c_p.l(libinit2.o)
    0x0000013e   0x00000000   Code   RO         2008    .ARM.Collect$$libinit$$0000000C  c_p.l(libinit2.o)
    0x0000013e   0x00000000   Code   RO         2010    .ARM.Collect$$libinit$$0000000E  c_p.l(libinit2.o)
    0x0000013e   0x00000000   Code   RO         2013    .ARM.Collect$$libinit$$00000011  c_p.l(libinit2.o)
    0x0000013e   0x00000000   Code   RO         2015    .ARM.Collect$$libinit$$00000013  c_p.l(libinit2.o)
    0x0000013e   0x00000000   Code   RO         2017    .ARM.Collect$$libinit$$00000015  c_p.l(libinit2.o)
    0x0000013e   0x00000000   Code   RO         2019    .ARM.Collect$$libinit$$00000017  c_p.l(libinit2.o)
    0x0000013e   0x00000000   Code   RO         2021    .ARM.Collect$$libinit$$00000019  c_p.l(libinit2.o)
    0x0000013e   0x00000000   Code   RO         2023    .ARM.Collect$$libinit$$0000001B  c_p.l(libinit2.o)
    0x0000013e   0x00000000   Code   RO         2025    .ARM.Collect$$libinit$$0000001D  c_p.l(libinit2.o)
    0x0000013e   0x00000000   Code   RO         2027    .ARM.Collect$$libinit$$0000001F  c_p.l(libinit2.o)
    0x0000013e   0x00000000   Code   RO         2029    .ARM.Collect$$libinit$$00000021  c_p.l(libinit2.o)
    0x0000013e   0x00000000   Code   RO         2031    .ARM.Collect$$libinit$$00000023  c_p.l(libinit2.o)
    0x0000013e   0x00000000   Code   RO         2033    .ARM.Collect$$libinit$$00000025  c_p.l(libinit2.o)
    0x0000013e   0x00000000   Code   RO         2037    .ARM.Collect$$libinit$$0000002C  c_p.l(libinit2.o)
    0x0000013e   0x00000000   Code   RO         2039    .ARM.Collect$$libinit$$0000002E  c_p.l(libinit2.o)
    0x0000013e   0x00000000   Code   RO         2041    .ARM.Collect$$libinit$$00000030  c_p.l(libinit2.o)
    0x0000013e   0x00000000   Code   RO         2043    .ARM.Collect$$libinit$$00000032  c_p.l(libinit2.o)
    0x0000013e   0x00000002   Code   RO         2044    .ARM.Collect$$libinit$$00000033  c_p.l(libinit2.o)
    0x00000140   0x00000002   Code   RO         2073    .ARM.Collect$$libshutdown$$00000000  c_p.l(libshutdown.o)
    0x00000142   0x00000000   Code   RO         2100    .ARM.Collect$$libshutdown$$00000003  c_p.l(libshutdown2.o)
    0x00000142   0x00000000   Code   RO         2103    .ARM.Collect$$libshutdown$$00000006  c_p.l(libshutdown2.o)
    0x00000142   0x00000000   Code   RO         2106    .ARM.Collect$$libshutdown$$00000009  c_p.l(libshutdown2.o)
    0x00000142   0x00000000   Code   RO         2108    .ARM.Collect$$libshutdown$$0000000B  c_p.l(libshutdown2.o)
    0x00000142   0x00000000   Code   RO         2111    .ARM.Collect$$libshutdown$$0000000E  c_p.l(libshutdown2.o)
    0x00000142   0x00000002   Code   RO         2112    .ARM.Collect$$libshutdown$$0000000F  c_p.l(libshutdown2.o)
    0x00000144   0x00000000   Code   RO         1951    .ARM.Collect$$rtentry$$00000000  c_p.l(__rtentry.o)
    0x00000144   0x00000000   Code   RO         1957    .ARM.Collect$$rtentry$$00000002  c_p.l(__rtentry2.o)
    0x00000144   0x00000006   Code   RO         1969    .ARM.Collect$$rtentry$$00000004  c_p.l(__rtentry4.o)
    0x0000014a   0x00000000   Code   RO         1959    .ARM.Collect$$rtentry$$00000009  c_p.l(__rtentry2.o)
    0x0000014a   0x00000004   Code   RO         1960    .ARM.Collect$$rtentry$$0000000A  c_p.l(__rtentry2.o)
    0x0000014e   0x00000000   Code   RO         1962    .ARM.Collect$$rtentry$$0000000C  c_p.l(__rtentry2.o)
    0x0000014e   0x00000008   Code   RO         1963    .ARM.Collect$$rtentry$$0000000D  c_p.l(__rtentry2.o)
    0x00000156   0x00000002   Code   RO         1992    .ARM.Collect$$rtexit$$00000000  c_p.l(rtexit.o)
    0x00000158   0x00000000   Code   RO         2048    .ARM.Collect$$rtexit$$00000002  c_p.l(rtexit2.o)
    0x00000158   0x00000004   Code   RO         2049    .ARM.Collect$$rtexit$$00000003  c_p.l(rtexit2.o)
    0x0000015c   0x00000006   Code   RO         2050    .ARM.Collect$$rtexit$$00000004  c_p.l(rtexit2.o)
    0x00000162   0x00000002   PAD
    0x00000164   0x00000038   Code   RO         1937    .emb_text           c_p.l(rt_memcpy.o)
    0x0000019c   0x00000064   Code   RO           56  * .text               startup_nuc1xx.o
    0x00000200   0x00000082   Code   RO         1938    .text               c_p.l(rt_memcpy.o)
    0x00000282   0x00000040   Code   RO         1941    .text               c_p.l(rt_memclr.o)
    0x000002c2   0x0000015a   Code   RO         1943    .text               c_p.l(aeabi_sdiv.o)
    0x0000041c   0x00000006   Code   RO         1947    .text               c_p.l(heapauxi.o)
    0x00000422   0x0000003e   Code   RO         1973    .text               c_p.l(sys_stackheap_outer.o)
    0x00000460   0x0000000c   Code   RO         1976    .text               c_p.l(exit.o)
    0x0000046c   0x00000008   Code   RO         1988    .text               c_p.l(libspace.o)
    0x00000474   0x0000000c   Code   RO         2045    .text               c_p.l(sys_exit.o)
    0x00000480   0x00000002   Code   RO         2062    .text               c_p.l(use_no_semi.o)
    0x00000482   0x00000000   Code   RO         2064    .text               c_p.l(indicate_semi.o)
    0x00000482   0x00000002   PAD
    0x00000484   0x00000028   Code   RO         1066    i.BOD_IRQHandler    drvsys.o
    0x000004ac   0x000000d4   Code   RO         1369    i.BaudRateCalculator  drvuart.o
    0x00000580   0x00000024   Code   RO          485    i.ChangeDir         motor_ctrl.o
    0x000005a4   0x00000030   Code   RO          486    i.ChangeServoPosition  motor_ctrl.o
    0x000005d4   0x00000018   Code   RO          487    i.ChangeSpeed       motor_ctrl.o
    0x000005ec   0x0000000a   Code   RO          488    i.Convert_u8_u16    motor_ctrl.o
    0x000005f6   0x00000002   PAD
    0x000005f8   0x00000068   Code   RO           60    i.DRVPWM_PwmIRQHandler_X  smpl_hid_io.o
    0x00000660   0x00000068   Code   RO           61    i.DRVPWM_PwmIRQHandler_Y  smpl_hid_io.o
    0x000006c8   0x00000010   Code   RO           62    i.Delay             smpl_hid_io.o
    0x000006d8   0x0000002c   Code   RO          669    i.DrvGPIO_ClrBit    drvgpio.o
    0x00000704   0x00000758   Code   RO          691    i.DrvGPIO_InitFunction  drvgpio.o
    0x00000e5c   0x00000088   Code   RO          692    i.DrvGPIO_Open      drvgpio.o
    0x00000ee4   0x0000002c   Code   RO          693    i.DrvGPIO_SetBit    drvgpio.o
    0x00000f10   0x00000260   Code   RO          911    i.DrvPWM_Enable     drvpwm.o
    0x00001170   0x0000045c   Code   RO          913    i.DrvPWM_EnableInt  drvpwm.o
    0x000015cc   0x00000038   Code   RO          921    i.DrvPWM_Open       drvpwm.o
    0x00001604   0x00000084   Code   RO          923    i.DrvPWM_SelectClockSource  drvpwm.o
    0x00001688   0x00000818   Code   RO          924    i.DrvPWM_SetTimerClk  drvpwm.o
    0x00001ea0   0x000000d4   Code   RO          926    i.DrvPWM_SetTimerIO  drvpwm.o
    0x00001f74   0x0000002c   Code   RO         1069    i.DrvSYS_Delay      drvsys.o
    0x00001fa0   0x00000008   Code   RO         1084    i.DrvSYS_GetExtClockFreq  drvsys.o
    0x00001fa8   0x00000078   Code   RO         1086    i.DrvSYS_GetPLLClockFreq  drvsys.o
    0x00002020   0x00000038   Code   RO         1098    i.DrvSYS_SelectHCLKSource  drvsys.o
    0x00002058   0x00000160   Code   RO         1099    i.DrvSYS_SelectIPClockSource  drvsys.o
    0x000021b8   0x00000080   Code   RO         1106    i.DrvSYS_SetOscCtrl  drvsys.o
    0x00002238   0x00000034   Code   RO         1108    i.DrvSYS_SetPLLMode  drvsys.o
    0x0000226c   0x00000268   Code   RO         1379    i.DrvUART_Open      drvuart.o
    0x000024d4   0x00000098   Code   RO         1514    i.DrvUSB_BusResetCallback  drvusb.o
    0x0000256c   0x00000044   Code   RO         1516    i.DrvUSB_ClrCtrlReady  drvusb.o
    0x000025b0   0x00000044   Code   RO         1517    i.DrvUSB_ClrCtrlReadyAndTrigStall  drvusb.o
    0x000025f4   0x00000050   Code   RO         1518    i.DrvUSB_CtrlDataInAck  drvusb.o
    0x00002644   0x00000020   Code   RO         1519    i.DrvUSB_CtrlDataInDefault  drvusb.o
    0x00002664   0x0000003c   Code   RO         1520    i.DrvUSB_CtrlDataInSetAddress  drvusb.o
    0x000026a0   0x00000050   Code   RO         1521    i.DrvUSB_CtrlDataOutAck  drvusb.o
    0x000026f0   0x00000024   Code   RO         1522    i.DrvUSB_CtrlDataOutDefault  drvusb.o
    0x00002714   0x000000a4   Code   RO         1523    i.DrvUSB_CtrlSetupAck  drvusb.o
    0x000027b8   0x000000bc   Code   RO         1524    i.DrvUSB_CtrlSetupClearSetFeature  drvusb.o
    0x00002874   0x00000014   Code   RO         1525    i.DrvUSB_CtrlSetupGetConfiguration  drvusb.o
    0x00002888   0x00000012   Code   RO         1526    i.DrvUSB_CtrlSetupGetInterface  drvusb.o
    0x0000289a   0x00000002   PAD
    0x0000289c   0x00000080   Code   RO         1527    i.DrvUSB_CtrlSetupGetStatus  drvusb.o
    0x0000291c   0x00000040   Code   RO         1528    i.DrvUSB_CtrlSetupSetAddress  drvusb.o
    0x0000295c   0x00000074   Code   RO         1529    i.DrvUSB_CtrlSetupSetConfiguration  drvusb.o
    0x000029d0   0x00000028   Code   RO         1530    i.DrvUSB_CtrlSetupSetInterface  drvusb.o
    0x000029f8   0x000000d8   Code   RO         1531    i.DrvUSB_DataIn     drvusb.o
    0x00002ad0   0x0000005c   Code   RO         1532    i.DrvUSB_DataOutTrigger  drvusb.o
    0x00002b2c   0x0000000c   Code   RO         1533    i.DrvUSB_DisableRemoteWakeup  drvusb.o
    0x00002b38   0x00000010   Code   RO         1535    i.DrvUSB_DisableUsb  drvusb.o
    0x00002b48   0x00000048   Code   RO         1536    i.DrvUSB_DispatchEPEvent  drvusb.o
    0x00002b90   0x00000014   Code   RO         1537    i.DrvUSB_DispatchEvent  drvusb.o
    0x00002ba4   0x00000048   Code   RO         1538    i.DrvUSB_DispatchMiscEvent  drvusb.o
    0x00002bec   0x0000000c   Code   RO         1540    i.DrvUSB_EnableRemoteWakeup  drvusb.o
    0x00002bf8   0x00000010   Code   RO         1542    i.DrvUSB_EnableUsb  drvusb.o
    0x00002c08   0x00000030   Code   RO         1543    i.DrvUSB_GetEpId    drvusb.o
    0x00002c38   0x00000034   Code   RO         1544    i.DrvUSB_GetEpIdentity  drvusb.o
    0x00002c6c   0x00000030   Code   RO         1547    i.DrvUSB_GetOutData  drvusb.o
    0x00002c9c   0x0000000c   Code   RO         1548    i.DrvUSB_GetSetupBuffer  drvusb.o
    0x00002ca8   0x0000000c   Code   RO         1549    i.DrvUSB_GetUsbState  drvusb.o
    0x00002cb4   0x0000008c   Code   RO         1551    i.DrvUSB_Init       drvusb.o
    0x00002d40   0x00000010   Code   RO         1552    i.DrvUSB_InstallClassDevice  drvusb.o
    0x00002d50   0x00000054   Code   RO         1553    i.DrvUSB_InstallCtrlHandler  drvusb.o
    0x00002da4   0x000001ac   Code   RO         1557    i.DrvUSB_Open       drvusb.o
    0x00002f50   0x0000008c   Code   RO         1558    i.DrvUSB_PreDispatchBusEvent  drvusb.o
    0x00002fdc   0x0000016c   Code   RO         1559    i.DrvUSB_PreDispatchEPEvent  drvusb.o
    0x00003148   0x00000090   Code   RO         1560    i.DrvUSB_PreDispatchEvent  drvusb.o
    0x000031d8   0x00000044   Code   RO         1561    i.DrvUSB_PreDispatchFDTEvent  drvusb.o
    0x0000321c   0x00000002   Code   RO         1562    i.DrvUSB_PreDispatchWakeupEvent  drvusb.o
    0x0000321e   0x00000002   PAD
    0x00003220   0x00000068   Code   RO         1563    i.DrvUSB_Reset      drvusb.o
    0x00003288   0x0000000c   Code   RO         1565    i.DrvUSB_SetUsbState  drvusb.o
    0x00003294   0x00000024   Code   RO          699    i.EINT0_IRQHandler  drvgpio.o
    0x000032b8   0x00000024   Code   RO          700    i.EINT1_IRQHandler  drvgpio.o
    0x000032dc   0x00000044   Code   RO          701    i.GPAB_IRQHandler   drvgpio.o
    0x00003320   0x0000004c   Code   RO          702    i.GPCDE_IRQHandler  drvgpio.o
    0x0000336c   0x00000048   Code   RO         1386    i.GetUartClk        drvuart.o
    0x000033b4   0x00000094   Code   RO          227    i.HID_CtrlGetDescriptorIn  hidsysio.o
    0x00003448   0x0000001c   Code   RO          228    i.HID_CtrlGetDescriptorOut  hidsysio.o
    0x00003464   0x0000011c   Code   RO          229    i.HID_CtrlSetupGetDescriptor  hidsysio.o
    0x00003580   0x0000003c   Code   RO          230    i.HID_CtrlSetupGetReport  hidsysio.o
    0x000035bc   0x00000018   Code   RO          231    i.HID_CtrlSetupSetIdle  hidsysio.o
    0x000035d4   0x00000018   Code   RO          232    i.HID_CtrlSetupSetProtocol  hidsysio.o
    0x000035ec   0x0000002e   Code   RO          233    i.HID_CtrlSetupSetReport  hidsysio.o
    0x0000361a   0x00000002   Code   RO          145    i.HID_GetInReport   hid_api.o
    0x0000361c   0x0000002c   Code   RO          146    i.HID_Init          hid_api.o
    0x00003648   0x00000028   Code   RO          235    i.HID_IntInCallback  hidsysio.o
    0x00003670   0x0000002c   Code   RO          236    i.HID_IntOutCallback  hidsysio.o
    0x0000369c   0x00000018   Code   RO          237    i.HID_IsConfigureValue  hidsysio.o
    0x000036b4   0x000000ac   Code   RO          147    i.HID_MainProcess   hid_api.o
    0x00003760   0x0000006c   Code   RO          238    i.HID_Open          hidsysio.o
    0x000037cc   0x00000070   Code   RO          239    i.HID_PrepareDescriptors  hidsysio.o
    0x0000383c   0x00000012   Code   RO          240    i.HID_Reset         hidsysio.o
    0x0000384e   0x00000002   PAD
    0x00003850   0x0000001c   Code   RO          148    i.HID_SetOutReport  hid_api.o
    0x0000386c   0x00000028   Code   RO          241    i.HID_SetReportBuf  hidsysio.o
    0x00003894   0x0000001c   Code   RO          242    i.HID_SetReportDescriptor  hidsysio.o
    0x000038b0   0x00000018   Code   RO          243    i.HID_Start         hidsysio.o
    0x000038c8   0x00000012   Code   RO          244    i.HID_UsbStartCallBack  hidsysio.o
    0x000038da   0x00000016   Code   RO          490    i.InitMotor         motor_ctrl.o
    0x000038f0   0x0000002a   Code   RO          491    i.InitMotorController  motor_ctrl.o
    0x0000391a   0x00000022   Code   RO          492    i.InitServoController  motor_ctrl.o
    0x0000393c   0x00000028   Code   RO           63    i.Init_GPIO         smpl_hid_io.o
    0x00003964   0x00000070   Code   RO           64    i.Init_SYS          smpl_hid_io.o
    0x000039d4   0x00000218   Code   RO          598    i.Initial_pannel    lcd_driver.o
    0x00003bec   0x00000022   Code   RO          493    i.MoveHome          motor_ctrl.o
    0x00003c0e   0x00000002   PAD
    0x00003c10   0x000000ac   Code   RO          494    i.MoveMotor         motor_ctrl.o
    0x00003cbc   0x00000014   Code   RO          928    i.NVIC_EnableIRQ    drvpwm.o
    0x00003cd0   0x00000078   Code   RO          929    i.NVIC_SetPriority  drvpwm.o
    0x00003d48   0x00000078   Code   RO         1568    i.NVIC_SetPriority  drvusb.o
    0x00003dc0   0x0000017c   Code   RO          930    i.PWMA_IRQHandler   drvpwm.o
    0x00003f3c   0x0000017c   Code   RO          931    i.PWMB_IRQHandler   drvpwm.o
    0x000040b8   0x00000028   Code   RO         1114    i.PWRWU_IRQHandler  drvsys.o
    0x000040e0   0x00000014   Code   RO          495    i.PauseMotor        motor_ctrl.o
    0x000040f4   0x00000026   Code   RO          497    i.RunMotor          motor_ctrl.o
    0x0000411a   0x00000018   Code   RO          498    i.SetHome           motor_ctrl.o
    0x00004132   0x00000002   PAD
    0x00004134   0x000000f4   Code   RO          599    i.SetPACA           lcd_driver.o
    0x00004228   0x00000078   Code   RO          600    i.Show_Word         lcd_driver.o
    0x000042a0   0x00000028   Code   RO          601    i.SysTimerDelay     lcd_driver.o
    0x000042c8   0x000000a0   Code   RO           17    i.SystemCoreClockUpdate  system_nuc1xx.o
    0x00004368   0x00000002   Code   RO           18    i.SystemInit        system_nuc1xx.o
    0x0000436a   0x00000002   PAD
    0x0000436c   0x0000003c   Code   RO         1389    i.UART02_IRQHandler  drvuart.o
    0x000043a8   0x00000020   Code   RO         1390    i.UART1_IRQHandler  drvuart.o
    0x000043c8   0x00000054   Code   RO           65    i.UART_init         smpl_hid_io.o
    0x0000441c   0x00000020   Code   RO         1569    i.USBD_IRQHandler   drvusb.o
    0x0000443c   0x0000003c   Code   RO          149    i.USB_SendBackData  hid_api.o
    0x00004478   0x00000024   Code   RO          371    i.V6M_ProcessCommand  v6mdebug.o
    0x0000449c   0x000000e8   Code   RO          372    i.V6M_ProcessOneCommand  v6mdebug.o
    0x00004584   0x0000001e   Code   RO          373    i.VCMD_AckCommand   v6mdebug.o
    0x000045a2   0x00000006   Code   RO          374    i.VCMD_WillResetCommandSerial  v6mdebug.o
    0x000045a8   0x00000018   Code   RO         1570    i.WordsCpy          drvusb.o
    0x000045c0   0x00000058   Code   RO          602    i.WriteData         lcd_driver.o
    0x00004618   0x00000020   Code   RO          246    i._HID_CLR_CTRL_READY_AND_TRIG_STALL  hidsysio.o
    0x00004638   0x0000001c   Code   RO          473    i.__ARM_common_switch8  v6mdebug.o
    0x00004654   0x00000028   Code   RO          603    i.clr_all_pannal    lcd_driver.o
    0x0000467c   0x0000015c   Code   RO           66    i.main              smpl_hid_io.o
    0x000047d8   0x00000028   Code   RO          604    i.print_lcd         lcd_driver.o
    0x00004800   0x00000028   Code   RO          377    i.uMotor_ChDir      v6mdebug.o
    0x00004828   0x00000028   Code   RO          378    i.uMotor_ChSpeed    v6mdebug.o
    0x00004850   0x0000005c   Code   RO          380    i.uMotor_Move       v6mdebug.o
    0x000048ac   0x00000014   Code   RO          381    i.uMotor_MoveHome   v6mdebug.o
    0x000048c0   0x00000024   Code   RO          382    i.uMotor_Pause      v6mdebug.o
    0x000048e4   0x00000020   Code   RO          383    i.uMotor_Run        v6mdebug.o
    0x00004904   0x00000014   Code   RO          384    i.uMotor_SetHome    v6mdebug.o
    0x00004918   0x0000000c   Code   RO          385    i.uMotor_SetWorkingStatus  v6mdebug.o
    0x00004924   0x000000f4   Code   RO          386    i.uMotor_Status     v6mdebug.o
    0x00004a18   0x0000001c   Code   RO          387    i.uServo_Rotate     v6mdebug.o
    0x00004a34   0x0000009f   Data   RO          153    .constdata          hid_api.o
    0x00004ad3   0x00000001   PAD
    0x00004ad4   0x00000010   Data   RO         1115    .constdata          drvsys.o
    0x00004ae4   0x00000020   Data   RO         2113    Region$$Table       anon$$obj.o


    Execution Region ER_RW (Base: 0x20000000, Size: 0x0000084c, Max: 0xffffffff, ABSOLUTE)

    Base Addr    Size         Type   Attr      Idx    E Section Name        Object

    0x20000000   0x0000001c   Data   RW           19    .data               system_nuc1xx.o
    0x2000001c   0x00000001   Data   RW          154    .data               hid_api.o
    0x2000001d   0x00000003   PAD
    0x20000020   0x000001f1   Data   RW          248    .data               hidsysio.o
    0x20000211   0x00000003   PAD
    0x20000214   0x00000004   Data   RW          389    .data               v6mdebug.o
    0x20000218   0x00000001   Data   RW          501    .data               motor_ctrl.o
    0x20000219   0x00000003   PAD
    0x2000021c   0x00000010   Data   RW          605    .data               lcd_driver.o
    0x2000022c   0x000005f0   Data   RW          661    .data               ascii_table.o
    0x2000081c   0x00000010   Data   RW          706    .data               drvgpio.o
    0x2000082c   0x00000004   Data   RW          933    .data               drvpwm.o
    0x20000830   0x00000008   Data   RW         1116    .data               drvsys.o
    0x20000838   0x0000000c   Data   RW         1391    .data               drvuart.o
    0x20000844   0x00000008   Data   RW         1572    .data               drvusb.o


    Execution Region ER_ZI (Base: 0x2000084c, Size: 0x00000694, Max: 0xffffffff, ABSOLUTE)

    Base Addr    Size         Type   Attr      Idx    E Section Name        Object

    0x2000084c   0x00000040   Zero   RW          152    .bss                hid_api.o
    0x2000088c   0x00000028   Zero   RW          247    .bss                hidsysio.o
    0x200008b4   0x0000003e   Zero   RW          388    .bss                v6mdebug.o
    0x200008f2   0x00000002   PAD
    0x200008f4   0x00000088   Zero   RW          500    .bss                motor_ctrl.o
    0x2000097c   0x00000040   Zero   RW          932    .bss                drvpwm.o
    0x200009bc   0x000000c0   Zero   RW         1571    .bss                drvusb.o
    0x20000a7c   0x00000060   Zero   RW         1989    .bss                c_p.l(libspace.o)
    0x20000adc   0x00000004   PAD
    0x20000ae0   0x00000000   Zero   RW           54    HEAP                startup_nuc1xx.o
    0x20000ae0   0x00000400   Zero   RW           53    STACK               startup_nuc1xx.o


==============================================================================

Image component sizes


      Code (inc. data)   RO Data    RW Data    ZI Data      Debug   Object Name

         0          0          0       1520          0        468   ascii_table.o
         0          0          0          0          0       4536   core_cm0.o
      2320        146          0         16          0      10559   drvgpio.o
      5096        330          0          4         64      16313   drvpwm.o
       840         92         16          8          0       7376   drvsys.o
       992         52          0         12          0       6750   drvuart.o
      3692        346          0          8        192      43136   drvusb.o
       306         40        159          1         64     131652   hid_api.o
      1102        178          0        497         40      21896   hidsysio.o
      1108         30          0         16          0       5495   lcd_driver.o
       504         10          0          1        136     126799   motor_ctrl.o
       808         98          0          0          0       6264   smpl_hid_io.o
       100         46        192          0       1024        684   startup_nuc1xx.o
       162         28          0         28          0       1782   system_nuc1xx.o
       896        112          0          4         62      12840   v6mdebug.o

    ----------------------------------------------------------------------
     17940       1508        400       2124       1584     396550   Object Totals
         0          0         32          0          0          0   (incl. Generated)
        14          0          1          9          2          0   (incl. Padding)

    ----------------------------------------------------------------------

      Code (inc. data)   RO Data    RW Data    ZI Data      Debug   Library Member Name

         8          0          0          0          0         68   __main.o
         0          0          0          0          0          0   __rtentry.o
        12          0          0          0          0          0   __rtentry2.o
         6          0          0          0          0          0   __rtentry4.o
        60          8          0          0          0          0   __scatter.o
        26          0          0          0          0          0   __scatter_copy.o
        28          0          0          0          0          0   __scatter_zi.o
       346          0          0          0          0         92   aeabi_sdiv.o
        12          0          0          0          0         64   exit.o
         6          0          0          0          0        136   heapauxi.o
         0          0          0          0          0          0   indicate_semi.o
         2          0          0          0          0          0   libinit.o
         2          0          0          0          0          0   libinit2.o
         2          0          0          0          0          0   libshutdown.o
         2          0          0          0          0          0   libshutdown2.o
         8          4          0          0         96         68   libspace.o
        64          0          0          0          0        108   rt_memclr.o
       186          0          0          0          0        144   rt_memcpy.o
         2          0          0          0          0          0   rtexit.o
        10          0          0          0          0          0   rtexit2.o
        12          4          0          0          0         60   sys_exit.o
        62          0          0          0          0         80   sys_stackheap_outer.o
         2          0          0          0          0         68   use_no_semi.o

    ----------------------------------------------------------------------
       864         16          0          0        100        888   Library Totals
         6          0          0          0          4          0   (incl. Padding)

    ----------------------------------------------------------------------

      Code (inc. data)   RO Data    RW Data    ZI Data      Debug   Library Name

       858         16          0          0         96        888   c_p.l

    ----------------------------------------------------------------------
       864         16          0          0        100        888   Library Totals

    ----------------------------------------------------------------------

==============================================================================


      Code (inc. data)   RO Data    RW Data    ZI Data      Debug   

     18804       1524        400       2124       1684     391082   Grand Totals
     18804       1524        400       2124       1684     391082   ELF Image Totals
     18804       1524        400       2124          0          0   ROM Totals

==============================================================================

    Total RO  Size (Code + RO Data)                19204 (  18.75kB)
    Total RW  Size (RW Data + ZI Data)              3808 (   3.72kB)
    Total ROM Size (Code + RO Data + RW Data)      21328 (  20.83kB)

==============================================================================

