Component: ARM Compiler 5.05 update 1 (build 106) Tool: armlink [4d0efa]

==============================================================================

Small function inlining results

Inlined function __aeabi_idiv0 from aeabi_idiv0.o at offset 0x154 in aeabi_sdiv.o(.text).
Inlined Instruction: BX       lr
Inlined function __aeabi_idiv0 from aeabi_idiv0.o at offset 0x154 in aeabi_sdiv_div0.o(.text).
Inlined Instruction: BX       lr
Inlined function _platform_pre_stackheap_init from boardinit1.o at offset 0x0 in __rtentry2.o(.ARM.Collect$$rtentry$$00000001).
Inlined Instruction: BX       lr
Inlined function _fp_init from fpinit.o at offset 0x0 in libinit2.o(.ARM.Collect$$libinit$$00000001).
Inlined Instruction: BX       lr
Inlined function _platform_pre_lib_shutdown from boardshut.o at offset 0x0 in rtexit2.o(.ARM.Collect$$rtexit$$00000001).
Inlined Instruction: BX       lr
Inlined function __ARM_get_argv from no_argv.o at offset 0x2 in argv_veneer.o(.text).
Inlined Instruction: BX       lr
Inlined total of 6 calls.

==============================================================================

Memory Map of the image

  Image Entry point : 0x0000019d

  Load Region LR_1 (Base: 0x00000000, Size: 0x00005244, Max: 0xffffffff, ABSOLUTE)

    Execution Region ER_RO (Base: 0x00000000, Size: 0x000049f8, Max: 0xffffffff, ABSOLUTE)

    Base Addr    Size         Type   Attr      Idx    E Section Name        Object

    0x00000000   0x000000c0   Data   RO           55    RESET               startup_nuc1xx.o
    0x000000c0   0x00000008   Code   RO         1931  * !!!main             c_p.l(__main.o)
    0x000000c8   0x0000003c   Code   RO         2097    !!!scatter          c_p.l(__scatter.o)
    0x00000104   0x0000001a   Code   RO         2099    !!handler_copy      c_p.l(__scatter_copy.o)
    0x0000011e   0x00000002   PAD
    0x00000120   0x0000001c   Code   RO         2101    !!handler_zi        c_p.l(__scatter_zi.o)
    0x0000013c   0x00000002   Code   RO         1969    .ARM.Collect$$libinit$$00000000  c_p.l(libinit.o)
    0x0000013e   0x00000000   Code   RO         1983    .ARM.Collect$$libinit$$00000002  c_p.l(libinit2.o)
    0x0000013e   0x00000000   Code   RO         1985    .ARM.Collect$$libinit$$00000004  c_p.l(libinit2.o)
    0x0000013e   0x00000000   Code   RO         1988    .ARM.Collect$$libinit$$0000000A  c_p.l(libinit2.o)
    0x0000013e   0x00000000   Code   RO         1990    .ARM.Collect$$libinit$$0000000C  c_p.l(libinit2.o)
    0x0000013e   0x00000000   Code   RO         1992    .ARM.Collect$$libinit$$0000000E  c_p.l(libinit2.o)
    0x0000013e   0x00000000   Code   RO         1995    .ARM.Collect$$libinit$$00000011  c_p.l(libinit2.o)
    0x0000013e   0x00000000   Code   RO         1997    .ARM.Collect$$libinit$$00000013  c_p.l(libinit2.o)
    0x0000013e   0x00000000   Code   RO         1999    .ARM.Collect$$libinit$$00000015  c_p.l(libinit2.o)
    0x0000013e   0x00000000   Code   RO         2001    .ARM.Collect$$libinit$$00000017  c_p.l(libinit2.o)
    0x0000013e   0x00000000   Code   RO         2003    .ARM.Collect$$libinit$$00000019  c_p.l(libinit2.o)
    0x0000013e   0x00000000   Code   RO         2005    .ARM.Collect$$libinit$$0000001B  c_p.l(libinit2.o)
    0x0000013e   0x00000000   Code   RO         2007    .ARM.Collect$$libinit$$0000001D  c_p.l(libinit2.o)
    0x0000013e   0x00000000   Code   RO         2009    .ARM.Collect$$libinit$$0000001F  c_p.l(libinit2.o)
    0x0000013e   0x00000000   Code   RO         2011    .ARM.Collect$$libinit$$00000021  c_p.l(libinit2.o)
    0x0000013e   0x00000000   Code   RO         2013    .ARM.Collect$$libinit$$00000023  c_p.l(libinit2.o)
    0x0000013e   0x00000000   Code   RO         2015    .ARM.Collect$$libinit$$00000025  c_p.l(libinit2.o)
    0x0000013e   0x00000000   Code   RO         2019    .ARM.Collect$$libinit$$0000002C  c_p.l(libinit2.o)
    0x0000013e   0x00000000   Code   RO         2021    .ARM.Collect$$libinit$$0000002E  c_p.l(libinit2.o)
    0x0000013e   0x00000000   Code   RO         2023    .ARM.Collect$$libinit$$00000030  c_p.l(libinit2.o)
    0x0000013e   0x00000000   Code   RO         2025    .ARM.Collect$$libinit$$00000032  c_p.l(libinit2.o)
    0x0000013e   0x00000002   Code   RO         2026    .ARM.Collect$$libinit$$00000033  c_p.l(libinit2.o)
    0x00000140   0x00000002   Code   RO         2055    .ARM.Collect$$libshutdown$$00000000  c_p.l(libshutdown.o)
    0x00000142   0x00000000   Code   RO         2082    .ARM.Collect$$libshutdown$$00000003  c_p.l(libshutdown2.o)
    0x00000142   0x00000000   Code   RO         2085    .ARM.Collect$$libshutdown$$00000006  c_p.l(libshutdown2.o)
    0x00000142   0x00000000   Code   RO         2088    .ARM.Collect$$libshutdown$$00000009  c_p.l(libshutdown2.o)
    0x00000142   0x00000000   Code   RO         2090    .ARM.Collect$$libshutdown$$0000000B  c_p.l(libshutdown2.o)
    0x00000142   0x00000000   Code   RO         2093    .ARM.Collect$$libshutdown$$0000000E  c_p.l(libshutdown2.o)
    0x00000142   0x00000002   Code   RO         2094    .ARM.Collect$$libshutdown$$0000000F  c_p.l(libshutdown2.o)
    0x00000144   0x00000000   Code   RO         1933    .ARM.Collect$$rtentry$$00000000  c_p.l(__rtentry.o)
    0x00000144   0x00000000   Code   RO         1939    .ARM.Collect$$rtentry$$00000002  c_p.l(__rtentry2.o)
    0x00000144   0x00000006   Code   RO         1951    .ARM.Collect$$rtentry$$00000004  c_p.l(__rtentry4.o)
    0x0000014a   0x00000000   Code   RO         1941    .ARM.Collect$$rtentry$$00000009  c_p.l(__rtentry2.o)
    0x0000014a   0x00000004   Code   RO         1942    .ARM.Collect$$rtentry$$0000000A  c_p.l(__rtentry2.o)
    0x0000014e   0x00000000   Code   RO         1944    .ARM.Collect$$rtentry$$0000000C  c_p.l(__rtentry2.o)
    0x0000014e   0x00000008   Code   RO         1945    .ARM.Collect$$rtentry$$0000000D  c_p.l(__rtentry2.o)
    0x00000156   0x00000002   Code   RO         1974    .ARM.Collect$$rtexit$$00000000  c_p.l(rtexit.o)
    0x00000158   0x00000000   Code   RO         2030    .ARM.Collect$$rtexit$$00000002  c_p.l(rtexit2.o)
    0x00000158   0x00000004   Code   RO         2031    .ARM.Collect$$rtexit$$00000003  c_p.l(rtexit2.o)
    0x0000015c   0x00000006   Code   RO         2032    .ARM.Collect$$rtexit$$00000004  c_p.l(rtexit2.o)
    0x00000162   0x00000002   PAD
    0x00000164   0x00000038   Code   RO         1919    .emb_text           c_p.l(rt_memcpy.o)
    0x0000019c   0x00000064   Code   RO           56  * .text               startup_nuc1xx.o
    0x00000200   0x00000082   Code   RO         1920    .text               c_p.l(rt_memcpy.o)
    0x00000282   0x00000040   Code   RO         1923    .text               c_p.l(rt_memclr.o)
    0x000002c2   0x0000015a   Code   RO         1925    .text               c_p.l(aeabi_sdiv.o)
    0x0000041c   0x00000006   Code   RO         1929    .text               c_p.l(heapauxi.o)
    0x00000422   0x0000003e   Code   RO         1955    .text               c_p.l(sys_stackheap_outer.o)
    0x00000460   0x0000000c   Code   RO         1958    .text               c_p.l(exit.o)
    0x0000046c   0x00000008   Code   RO         1970    .text               c_p.l(libspace.o)
    0x00000474   0x0000000c   Code   RO         2027    .text               c_p.l(sys_exit.o)
    0x00000480   0x00000002   Code   RO         2044    .text               c_p.l(use_no_semi.o)
    0x00000482   0x00000000   Code   RO         2046    .text               c_p.l(indicate_semi.o)
    0x00000482   0x00000002   PAD
    0x00000484   0x00000028   Code   RO         1048    i.BOD_IRQHandler    drvsys.o
    0x000004ac   0x000000d4   Code   RO         1351    i.BaudRateCalculator  drvuart.o
    0x00000580   0x00000024   Code   RO          477    i.ChangeDir         motor_ctrl.o
    0x000005a4   0x00000018   Code   RO          478    i.ChangeSpeed       motor_ctrl.o
    0x000005bc   0x0000000a   Code   RO          479    i.Convert_u8_u16    motor_ctrl.o
    0x000005c6   0x00000002   PAD
    0x000005c8   0x00000068   Code   RO           60    i.DRVPWM_PwmIRQHandler_X  smpl_hid_io.o
    0x00000630   0x00000068   Code   RO           61    i.DRVPWM_PwmIRQHandler_Y  smpl_hid_io.o
    0x00000698   0x00000010   Code   RO           62    i.Delay             smpl_hid_io.o
    0x000006a8   0x0000002c   Code   RO          649    i.DrvGPIO_ClrBit    drvgpio.o
    0x000006d4   0x00000758   Code   RO          671    i.DrvGPIO_InitFunction  drvgpio.o
    0x00000e2c   0x00000088   Code   RO          672    i.DrvGPIO_Open      drvgpio.o
    0x00000eb4   0x0000002c   Code   RO          673    i.DrvGPIO_SetBit    drvgpio.o
    0x00000ee0   0x00000260   Code   RO          893    i.DrvPWM_Enable     drvpwm.o
    0x00001140   0x0000045c   Code   RO          895    i.DrvPWM_EnableInt  drvpwm.o
    0x0000159c   0x00000038   Code   RO          903    i.DrvPWM_Open       drvpwm.o
    0x000015d4   0x00000084   Code   RO          905    i.DrvPWM_SelectClockSource  drvpwm.o
    0x00001658   0x00000818   Code   RO          906    i.DrvPWM_SetTimerClk  drvpwm.o
    0x00001e70   0x000000d4   Code   RO          908    i.DrvPWM_SetTimerIO  drvpwm.o
    0x00001f44   0x00000008   Code   RO         1066    i.DrvSYS_GetExtClockFreq  drvsys.o
    0x00001f4c   0x00000078   Code   RO         1068    i.DrvSYS_GetPLLClockFreq  drvsys.o
    0x00001fc4   0x00000038   Code   RO         1080    i.DrvSYS_SelectHCLKSource  drvsys.o
    0x00001ffc   0x00000160   Code   RO         1081    i.DrvSYS_SelectIPClockSource  drvsys.o
    0x0000215c   0x00000080   Code   RO         1088    i.DrvSYS_SetOscCtrl  drvsys.o
    0x000021dc   0x00000034   Code   RO         1090    i.DrvSYS_SetPLLMode  drvsys.o
    0x00002210   0x00000268   Code   RO         1361    i.DrvUART_Open      drvuart.o
    0x00002478   0x00000098   Code   RO         1496    i.DrvUSB_BusResetCallback  drvusb.o
    0x00002510   0x00000044   Code   RO         1498    i.DrvUSB_ClrCtrlReady  drvusb.o
    0x00002554   0x00000044   Code   RO         1499    i.DrvUSB_ClrCtrlReadyAndTrigStall  drvusb.o
    0x00002598   0x00000050   Code   RO         1500    i.DrvUSB_CtrlDataInAck  drvusb.o
    0x000025e8   0x00000020   Code   RO         1501    i.DrvUSB_CtrlDataInDefault  drvusb.o
    0x00002608   0x0000003c   Code   RO         1502    i.DrvUSB_CtrlDataInSetAddress  drvusb.o
    0x00002644   0x00000050   Code   RO         1503    i.DrvUSB_CtrlDataOutAck  drvusb.o
    0x00002694   0x00000024   Code   RO         1504    i.DrvUSB_CtrlDataOutDefault  drvusb.o
    0x000026b8   0x000000a4   Code   RO         1505    i.DrvUSB_CtrlSetupAck  drvusb.o
    0x0000275c   0x000000bc   Code   RO         1506    i.DrvUSB_CtrlSetupClearSetFeature  drvusb.o
    0x00002818   0x00000014   Code   RO         1507    i.DrvUSB_CtrlSetupGetConfiguration  drvusb.o
    0x0000282c   0x00000012   Code   RO         1508    i.DrvUSB_CtrlSetupGetInterface  drvusb.o
    0x0000283e   0x00000002   PAD
    0x00002840   0x00000080   Code   RO         1509    i.DrvUSB_CtrlSetupGetStatus  drvusb.o
    0x000028c0   0x00000040   Code   RO         1510    i.DrvUSB_CtrlSetupSetAddress  drvusb.o
    0x00002900   0x00000074   Code   RO         1511    i.DrvUSB_CtrlSetupSetConfiguration  drvusb.o
    0x00002974   0x00000028   Code   RO         1512    i.DrvUSB_CtrlSetupSetInterface  drvusb.o
    0x0000299c   0x000000d8   Code   RO         1513    i.DrvUSB_DataIn     drvusb.o
    0x00002a74   0x0000005c   Code   RO         1514    i.DrvUSB_DataOutTrigger  drvusb.o
    0x00002ad0   0x0000000c   Code   RO         1515    i.DrvUSB_DisableRemoteWakeup  drvusb.o
    0x00002adc   0x00000010   Code   RO         1517    i.DrvUSB_DisableUsb  drvusb.o
    0x00002aec   0x00000048   Code   RO         1518    i.DrvUSB_DispatchEPEvent  drvusb.o
    0x00002b34   0x00000014   Code   RO         1519    i.DrvUSB_DispatchEvent  drvusb.o
    0x00002b48   0x00000048   Code   RO         1520    i.DrvUSB_DispatchMiscEvent  drvusb.o
    0x00002b90   0x0000000c   Code   RO         1522    i.DrvUSB_EnableRemoteWakeup  drvusb.o
    0x00002b9c   0x00000010   Code   RO         1524    i.DrvUSB_EnableUsb  drvusb.o
    0x00002bac   0x00000030   Code   RO         1525    i.DrvUSB_GetEpId    drvusb.o
    0x00002bdc   0x00000034   Code   RO         1526    i.DrvUSB_GetEpIdentity  drvusb.o
    0x00002c10   0x00000030   Code   RO         1529    i.DrvUSB_GetOutData  drvusb.o
    0x00002c40   0x0000000c   Code   RO         1530    i.DrvUSB_GetSetupBuffer  drvusb.o
    0x00002c4c   0x0000000c   Code   RO         1531    i.DrvUSB_GetUsbState  drvusb.o
    0x00002c58   0x0000008c   Code   RO         1533    i.DrvUSB_Init       drvusb.o
    0x00002ce4   0x00000010   Code   RO         1534    i.DrvUSB_InstallClassDevice  drvusb.o
    0x00002cf4   0x00000054   Code   RO         1535    i.DrvUSB_InstallCtrlHandler  drvusb.o
    0x00002d48   0x000001ac   Code   RO         1539    i.DrvUSB_Open       drvusb.o
    0x00002ef4   0x0000008c   Code   RO         1540    i.DrvUSB_PreDispatchBusEvent  drvusb.o
    0x00002f80   0x0000016c   Code   RO         1541    i.DrvUSB_PreDispatchEPEvent  drvusb.o
    0x000030ec   0x00000090   Code   RO         1542    i.DrvUSB_PreDispatchEvent  drvusb.o
    0x0000317c   0x00000044   Code   RO         1543    i.DrvUSB_PreDispatchFDTEvent  drvusb.o
    0x000031c0   0x00000002   Code   RO         1544    i.DrvUSB_PreDispatchWakeupEvent  drvusb.o
    0x000031c2   0x00000002   PAD
    0x000031c4   0x00000068   Code   RO         1545    i.DrvUSB_Reset      drvusb.o
    0x0000322c   0x0000000c   Code   RO         1547    i.DrvUSB_SetUsbState  drvusb.o
    0x00003238   0x00000024   Code   RO          679    i.EINT0_IRQHandler  drvgpio.o
    0x0000325c   0x00000024   Code   RO          680    i.EINT1_IRQHandler  drvgpio.o
    0x00003280   0x00000044   Code   RO          681    i.GPAB_IRQHandler   drvgpio.o
    0x000032c4   0x0000004c   Code   RO          682    i.GPCDE_IRQHandler  drvgpio.o
    0x00003310   0x00000048   Code   RO         1368    i.GetUartClk        drvuart.o
    0x00003358   0x00000094   Code   RO          227    i.HID_CtrlGetDescriptorIn  hidsysio.o
    0x000033ec   0x0000001c   Code   RO          228    i.HID_CtrlGetDescriptorOut  hidsysio.o
    0x00003408   0x0000011c   Code   RO          229    i.HID_CtrlSetupGetDescriptor  hidsysio.o
    0x00003524   0x0000003c   Code   RO          230    i.HID_CtrlSetupGetReport  hidsysio.o
    0x00003560   0x00000018   Code   RO          231    i.HID_CtrlSetupSetIdle  hidsysio.o
    0x00003578   0x00000018   Code   RO          232    i.HID_CtrlSetupSetProtocol  hidsysio.o
    0x00003590   0x0000002e   Code   RO          233    i.HID_CtrlSetupSetReport  hidsysio.o
    0x000035be   0x00000002   Code   RO          145    i.HID_GetInReport   hid_api.o
    0x000035c0   0x0000002c   Code   RO          146    i.HID_Init          hid_api.o
    0x000035ec   0x00000028   Code   RO          235    i.HID_IntInCallback  hidsysio.o
    0x00003614   0x0000002c   Code   RO          236    i.HID_IntOutCallback  hidsysio.o
    0x00003640   0x00000018   Code   RO          237    i.HID_IsConfigureValue  hidsysio.o
    0x00003658   0x000000ac   Code   RO          147    i.HID_MainProcess   hid_api.o
    0x00003704   0x0000006c   Code   RO          238    i.HID_Open          hidsysio.o
    0x00003770   0x00000070   Code   RO          239    i.HID_PrepareDescriptors  hidsysio.o
    0x000037e0   0x00000012   Code   RO          240    i.HID_Reset         hidsysio.o
    0x000037f2   0x00000002   PAD
    0x000037f4   0x0000001c   Code   RO          148    i.HID_SetOutReport  hid_api.o
    0x00003810   0x00000028   Code   RO          241    i.HID_SetReportBuf  hidsysio.o
    0x00003838   0x0000001c   Code   RO          242    i.HID_SetReportDescriptor  hidsysio.o
    0x00003854   0x00000018   Code   RO          243    i.HID_Start         hidsysio.o
    0x0000386c   0x00000012   Code   RO          244    i.HID_UsbStartCallBack  hidsysio.o
    0x0000387e   0x00000016   Code   RO          481    i.InitMotor         motor_ctrl.o
    0x00003894   0x0000002a   Code   RO          482    i.InitMotorController  motor_ctrl.o
    0x000038be   0x00000028   Code   RO           63    i.Init_GPIO         smpl_hid_io.o
    0x000038e6   0x00000002   PAD
    0x000038e8   0x00000060   Code   RO           64    i.Init_SYS          smpl_hid_io.o
    0x00003948   0x00000218   Code   RO          578    i.Initial_pannel    lcd_driver.o
    0x00003b60   0x00000022   Code   RO          483    i.MoveHome          motor_ctrl.o
    0x00003b82   0x00000002   PAD
    0x00003b84   0x000000ac   Code   RO          484    i.MoveMotor         motor_ctrl.o
    0x00003c30   0x00000014   Code   RO          910    i.NVIC_EnableIRQ    drvpwm.o
    0x00003c44   0x00000078   Code   RO          911    i.NVIC_SetPriority  drvpwm.o
    0x00003cbc   0x00000078   Code   RO         1550    i.NVIC_SetPriority  drvusb.o
    0x00003d34   0x0000017c   Code   RO          912    i.PWMA_IRQHandler   drvpwm.o
    0x00003eb0   0x0000017c   Code   RO          913    i.PWMB_IRQHandler   drvpwm.o
    0x0000402c   0x00000028   Code   RO         1096    i.PWRWU_IRQHandler  drvsys.o
    0x00004054   0x00000014   Code   RO          485    i.PauseMotor        motor_ctrl.o
    0x00004068   0x00000026   Code   RO          487    i.RunMotor          motor_ctrl.o
    0x0000408e   0x00000018   Code   RO          488    i.SetHome           motor_ctrl.o
    0x000040a6   0x00000002   PAD
    0x000040a8   0x000000f4   Code   RO          579    i.SetPACA           lcd_driver.o
    0x0000419c   0x00000078   Code   RO          580    i.Show_Word         lcd_driver.o
    0x00004214   0x00000028   Code   RO          581    i.SysTimerDelay     lcd_driver.o
    0x0000423c   0x000000a0   Code   RO           17    i.SystemCoreClockUpdate  system_nuc1xx.o
    0x000042dc   0x00000002   Code   RO           18    i.SystemInit        system_nuc1xx.o
    0x000042de   0x00000002   PAD
    0x000042e0   0x0000003c   Code   RO         1371    i.UART02_IRQHandler  drvuart.o
    0x0000431c   0x00000020   Code   RO         1372    i.UART1_IRQHandler  drvuart.o
    0x0000433c   0x00000054   Code   RO           65    i.UART_init         smpl_hid_io.o
    0x00004390   0x00000020   Code   RO         1551    i.USBD_IRQHandler   drvusb.o
    0x000043b0   0x0000003c   Code   RO          149    i.USB_SendBackData  hid_api.o
    0x000043ec   0x00000024   Code   RO          371    i.V6M_ProcessCommand  v6mdebug.o
    0x00004410   0x000000d8   Code   RO          372    i.V6M_ProcessOneCommand  v6mdebug.o
    0x000044e8   0x0000001e   Code   RO          373    i.VCMD_AckCommand   v6mdebug.o
    0x00004506   0x00000006   Code   RO          374    i.VCMD_WillResetCommandSerial  v6mdebug.o
    0x0000450c   0x00000018   Code   RO         1552    i.WordsCpy          drvusb.o
    0x00004524   0x00000058   Code   RO          582    i.WriteData         lcd_driver.o
    0x0000457c   0x00000020   Code   RO          246    i._HID_CLR_CTRL_READY_AND_TRIG_STALL  hidsysio.o
    0x0000459c   0x0000001c   Code   RO          878    i.__ARM_common_switch8  drvgpio.o
    0x000045b8   0x00000028   Code   RO          583    i.clr_all_pannal    lcd_driver.o
    0x000045e0   0x00000128   Code   RO           66    i.main              smpl_hid_io.o
    0x00004708   0x00000028   Code   RO          584    i.print_lcd         lcd_driver.o
    0x00004730   0x00000028   Code   RO          377    i.uMotor_ChDir      v6mdebug.o
    0x00004758   0x00000028   Code   RO          378    i.uMotor_ChSpeed    v6mdebug.o
    0x00004780   0x00000050   Code   RO          380    i.uMotor_Move       v6mdebug.o
    0x000047d0   0x00000014   Code   RO          381    i.uMotor_MoveHome   v6mdebug.o
    0x000047e4   0x00000024   Code   RO          382    i.uMotor_Pause      v6mdebug.o
    0x00004808   0x00000020   Code   RO          383    i.uMotor_Run        v6mdebug.o
    0x00004828   0x00000014   Code   RO          384    i.uMotor_SetHome    v6mdebug.o
    0x0000483c   0x0000000c   Code   RO          385    i.uMotor_SetWorkingStatus  v6mdebug.o
    0x00004848   0x000000e0   Code   RO          386    i.uMotor_Status     v6mdebug.o
    0x00004928   0x0000009f   Data   RO          153    .constdata          hid_api.o
    0x000049c7   0x00000001   PAD
    0x000049c8   0x00000010   Data   RO         1097    .constdata          drvsys.o
    0x000049d8   0x00000020   Data   RO         2095    Region$$Table       anon$$obj.o


    Execution Region ER_RW (Base: 0x20000000, Size: 0x0000084c, Max: 0xffffffff, ABSOLUTE)

    Base Addr    Size         Type   Attr      Idx    E Section Name        Object

    0x20000000   0x0000001c   Data   RW           19    .data               system_nuc1xx.o
    0x2000001c   0x00000001   Data   RW          154    .data               hid_api.o
    0x2000001d   0x00000003   PAD
    0x20000020   0x000001f1   Data   RW          248    .data               hidsysio.o
    0x20000211   0x00000003   PAD
    0x20000214   0x00000004   Data   RW          388    .data               v6mdebug.o
    0x20000218   0x00000001   Data   RW          491    .data               motor_ctrl.o
    0x20000219   0x00000003   PAD
    0x2000021c   0x00000010   Data   RW          585    .data               lcd_driver.o
    0x2000022c   0x000005f0   Data   RW          641    .data               ascii_table.o
    0x2000081c   0x00000010   Data   RW          686    .data               drvgpio.o
    0x2000082c   0x00000004   Data   RW          915    .data               drvpwm.o
    0x20000830   0x00000008   Data   RW         1098    .data               drvsys.o
    0x20000838   0x0000000c   Data   RW         1373    .data               drvuart.o
    0x20000844   0x00000008   Data   RW         1554    .data               drvusb.o


    Execution Region ER_ZI (Base: 0x2000084c, Size: 0x0000067c, Max: 0xffffffff, ABSOLUTE)

    Base Addr    Size         Type   Attr      Idx    E Section Name        Object

    0x2000084c   0x00000040   Zero   RW          152    .bss                hid_api.o
    0x2000088c   0x00000028   Zero   RW          247    .bss                hidsysio.o
    0x200008b4   0x0000003e   Zero   RW          387    .bss                v6mdebug.o
    0x200008f2   0x00000002   PAD
    0x200008f4   0x00000070   Zero   RW          490    .bss                motor_ctrl.o
    0x20000964   0x00000040   Zero   RW          914    .bss                drvpwm.o
    0x200009a4   0x000000c0   Zero   RW         1553    .bss                drvusb.o
    0x20000a64   0x00000060   Zero   RW         1971    .bss                c_p.l(libspace.o)
    0x20000ac4   0x00000004   PAD
    0x20000ac8   0x00000000   Zero   RW           54    HEAP                startup_nuc1xx.o
    0x20000ac8   0x00000400   Zero   RW           53    STACK               startup_nuc1xx.o


==============================================================================

Image component sizes


      Code (inc. data)   RO Data    RW Data    ZI Data      Debug   Object Name

         0          0          0       1520          0        468   ascii_table.o
         0          0          0          0          0       4536   core_cm0.o
      2348        146          0         16          0      10635   drvgpio.o
      5096        330          0          4         64      16313   drvpwm.o
       796         84         16          8          0       6945   drvsys.o
       992         52          0         12          0       6750   drvuart.o
      3692        346          0          8        192      43136   drvusb.o
       306         40        159          1         64     131652   hid_api.o
      1102        178          0        497         40      21896   hidsysio.o
      1108         30          0         16          0       5495   lcd_driver.o
       422          4          0          1        112     125587   motor_ctrl.o
       740         90          0          0          0       6240   smpl_hid_io.o
       100         46        192          0       1024        684   startup_nuc1xx.o
       162         28          0         28          0       1782   system_nuc1xx.o
       792         88          0          4         62      12168   v6mdebug.o

    ----------------------------------------------------------------------
     17672       1462        400       2124       1560     394287   Object Totals
         0          0         32          0          0          0   (incl. Generated)
        16          0          1          9          2          0   (incl. Padding)

    ----------------------------------------------------------------------

      Code (inc. data)   RO Data    RW Data    ZI Data      Debug   Library Member Name

         8          0          0          0          0         68   __main.o
         0          0          0          0          0          0   __rtentry.o
        12          0          0          0          0          0   __rtentry2.o
         6          0          0          0          0          0   __rtentry4.o
        60          8          0          0          0          0   __scatter.o
        26          0          0          0          0          0   __scatter_copy.o
        28          0          0          0          0          0   __scatter_zi.o
       346          0          0          0          0         92   aeabi_sdiv.o
        12          0          0          0          0         64   exit.o
         6          0          0          0          0        136   heapauxi.o
         0          0          0          0          0          0   indicate_semi.o
         2          0          0          0          0          0   libinit.o
         2          0          0          0          0          0   libinit2.o
         2          0          0          0          0          0   libshutdown.o
         2          0          0          0          0          0   libshutdown2.o
         8          4          0          0         96         68   libspace.o
        64          0          0          0          0        108   rt_memclr.o
       186          0          0          0          0        144   rt_memcpy.o
         2          0          0          0          0          0   rtexit.o
        10          0          0          0          0          0   rtexit2.o
        12          4          0          0          0         60   sys_exit.o
        62          0          0          0          0         80   sys_stackheap_outer.o
         2          0          0          0          0         68   use_no_semi.o

    ----------------------------------------------------------------------
       864         16          0          0        100        888   Library Totals
         6          0          0          0          4          0   (incl. Padding)

    ----------------------------------------------------------------------

      Code (inc. data)   RO Data    RW Data    ZI Data      Debug   Library Name

       858         16          0          0         96        888   c_p.l

    ----------------------------------------------------------------------
       864         16          0          0        100        888   Library Totals

    ----------------------------------------------------------------------

==============================================================================


      Code (inc. data)   RO Data    RW Data    ZI Data      Debug   

     18536       1478        400       2124       1660     388995   Grand Totals
     18536       1478        400       2124       1660     388995   ELF Image Totals
     18536       1478        400       2124          0          0   ROM Totals

==============================================================================

    Total RO  Size (Code + RO Data)                18936 (  18.49kB)
    Total RW  Size (RW Data + ZI Data)              3784 (   3.70kB)
    Total ROM Size (Code + RO Data + RW Data)      21060 (  20.57kB)

==============================================================================

