<html>
<body>
<pre>
<h1>µVision Build Log</h1>
<h2>Tool Versions:</h2>
IDE-Version: µVision V5.14.0.0
Copyright (C) 2015 ARM Ltd and ARM Germany GmbH. All rights reserved.
License Information: dfgfghf Microsoft, Microsoft, LIC=----
 
Tool Versions:
Toolchain:       MDK-Lite  Version: 5.14.0.0
Toolchain Path:  C:\Keil_v5\ARM\ARMCC\Bin
C Compiler:      Armcc.exe V5.05 update 1 (build 106)
Assembler:       Armasm.exe V5.05 update 1 (build 106)
Linker/Locator:  ArmLink.exe V5.05 update 1 (build 106)
Library Manager: ArmAr.exe V5.05 update 1 (build 106)
Hex Converter:   FromElf.exe V5.05 update 1 (build 106)
CPU DLL:         SARMCM3.DLL V5.14.0.0
Dialog DLL:      DARMCM1.DLL V1.12.0.0
Target DLL:      Nu_Link.dll V1.25
Dialog DLL:      TARMCM1.DLL V1.9.0.0
 
<h2>Project:</h2>
D:\Tai Lieu\Github\CNC_Nuvoton_Board\Smpl_HID_IO.uvprojx
Project File Date:  05/23/2015

<h2>Output:</h2>
Build target 'Smpl_HID_IO'
Clean started - Project: 'Smpl_HID_IO'
   deleting intermediate output files for target 'Smpl_HID_IO'
creating preprocessor file for core_cm0.c...
compiling core_cm0.c...
creating preprocessor file for system_NUC1xx.c...
compiling system_NUC1xx.c...
assembling startup_NUC1xx.s...
creating preprocessor file for Smpl_HID_IO.c...
compiling Smpl_HID_IO.c...
Motor_Ctrl.h(70): warning:  #1295-D: Deprecated declaration EmergencyPause - give arg types
  uint8_t EmergencyPause();
Smpl_HID_IO.c: 1 warning, 0 errors
creating preprocessor file for HID_API.c...
compiling HID_API.c...
V6MDebug.h(43): warning:  #1295-D: Deprecated declaration uMotor_Status - give arg types
  uint32_t uMotor_Status();
V6MDebug.h(44): warning:  #1295-D: Deprecated declaration uMotor_Clear - give arg types
  uint32_t uMotor_Clear();
V6MDebug.h(46): warning:  #1295-D: Deprecated declaration uMotor_SetHome - give arg types
  uint32_t uMotor_SetHome();
V6MDebug.h(47): warning:  #1295-D: Deprecated declaration uMotor_MoveHome - give arg types
  uint32_t uMotor_MoveHome();
HID_API.c: 4 warnings, 0 errors
creating preprocessor file for HIDSysIO.c...
compiling HIDSysIO.c...
creating preprocessor file for V6MDebug.c...
V6MDebug.c(189): warning:  #1-D: last line of file ends without a newline
  }
V6MDebug.c: 1 warning, 0 errors
compiling V6MDebug.c...
V6MDebug.h(43): warning:  #1295-D: Deprecated declaration uMotor_Status - give arg types
  uint32_t uMotor_Status();
V6MDebug.h(44): warning:  #1295-D: Deprecated declaration uMotor_Clear - give arg types
  uint32_t uMotor_Clear();
V6MDebug.h(46): warning:  #1295-D: Deprecated declaration uMotor_SetHome - give arg types
  uint32_t uMotor_SetHome();
V6MDebug.h(47): warning:  #1295-D: Deprecated declaration uMotor_MoveHome - give arg types
  uint32_t uMotor_MoveHome();
Motor_Ctrl.h(70): warning:  #1295-D: Deprecated declaration EmergencyPause - give arg types
  uint8_t EmergencyPause();
V6MDebug.c(33): warning:  #111-D: statement is unreachable
                                break;
V6MDebug.c(44): warning:  #111-D: statement is unreachable
                                break;
V6MDebug.c(48): warning:  #111-D: statement is unreachable
                                break;
V6MDebug.c(51): warning:  #111-D: statement is unreachable
                                break;
V6MDebug.c(54): warning:  #111-D: statement is unreachable
                                break;
V6MDebug.c(60): warning:  #111-D: statement is unreachable
                                        break;
V6MDebug.c(64): warning:  #111-D: statement is unreachable
                                break;
V6MDebug.c(67): warning:  #111-D: statement is unreachable
                                break;
V6MDebug.c(70): warning:  #111-D: statement is unreachable
                                break;
V6MDebug.c(75): warning:  #111-D: statement is unreachable
                                break;
V6MDebug.c(103): warning:  #940-D: missing return statement at end of non-void function "uMotor_Move"
  }
V6MDebug.c(110): warning:  #940-D: missing return statement at end of non-void function "uMotor_Pause"
  }
V6MDebug.c(118): warning:  #940-D: missing return statement at end of non-void function "uMotor_Run"
  }
V6MDebug.c(125): warning:  #940-D: missing return statement at end of non-void function "uMotor_ChDir"
  }
V6MDebug.c(132): warning:  #940-D: missing return statement at end of non-void function "uMotor_ChSpeed"
  }
V6MDebug.c(164): warning:  #940-D: missing return statement at end of non-void function "uMotor_Status"
  }
V6MDebug.c(136): warning:  #177-D: variable "i" was declared but never referenced
                int i=0;
V6MDebug.c(170): warning:  #940-D: missing return statement at end of non-void function "uMotor_Clear"
  }
V6MDebug.c(174): warning:  #940-D: missing return statement at end of non-void function "uMotor_SetWorkingStatus"
  };
V6MDebug.c(179): warning:  #940-D: missing return statement at end of non-void function "uMotor_SetHome"
  }
V6MDebug.c(183): warning:  #940-D: missing return statement at end of non-void function "uMotor_MoveHome"
  }
V6MDebug.c(189): warning:  #1-D: last line of file ends without a newline
  }
V6MDebug.c(189): warning:  #940-D: missing return statement at end of non-void function "uServo_Rotate"
  }
V6MDebug.c: 28 warnings, 0 errors
creating preprocessor file for Motor_Ctrl.c...
compiling Motor_Ctrl.c...
Motor_Ctrl.h(70): warning:  #1295-D: Deprecated declaration EmergencyPause - give arg types
  uint8_t EmergencyPause();
Motor_Ctrl.c(19): warning:  #940-D: missing return statement at end of non-void function "InitServoController"
  }
Motor_Ctrl.c(91): warning:  #940-D: missing return statement at end of non-void function "ChangeSpeed"
  }
Motor_Ctrl.c(154): warning:  #940-D: missing return statement at end of non-void function "EmergencyPause"
  }
Motor_Ctrl.c(165): warning:  #940-D: missing return statement at end of non-void function "ChangeServoPosition"
  }
Motor_Ctrl.c: 5 warnings, 0 errors
creating preprocessor file for LCD_Driver.c...
compiling LCD_Driver.c...
creating preprocessor file for Ascii_Table.C...
compiling Ascii_Table.C...
creating preprocessor file for DrvGPIO.c...
compiling DrvGPIO.c...
creating preprocessor file for DrvPWM.c...
compiling DrvPWM.c...
creating preprocessor file for DrvSYS.c...
compiling DrvSYS.c...
creating preprocessor file for DrvUART.c...
compiling DrvUART.c...
creating preprocessor file for DrvUSB.c...
compiling DrvUSB.c...
creating preprocessor file for retarget.c...
compiling retarget.c...
linking...
Program Size: Code=18804 RO-data=400 RW-data=2124 ZI-data=1684  
".\obj\Smpl_HID_IO.axf" - 0 Error(s), 39 Warning(s).

*** Performing Cross-Module-Optimization:
compiling core_cm0.c...
compiling HIDSysIO.c...
compiling V6MDebug.c...
V6MDebug.h(43): warning:  #1295-D: Deprecated declaration uMotor_Status - give arg types
  uint32_t uMotor_Status();
V6MDebug.h(44): warning:  #1295-D: Deprecated declaration uMotor_Clear - give arg types
  uint32_t uMotor_Clear();
V6MDebug.h(46): warning:  #1295-D: Deprecated declaration uMotor_SetHome - give arg types
  uint32_t uMotor_SetHome();
V6MDebug.h(47): warning:  #1295-D: Deprecated declaration uMotor_MoveHome - give arg types
  uint32_t uMotor_MoveHome();
Motor_Ctrl.h(70): warning:  #1295-D: Deprecated declaration EmergencyPause - give arg types
  uint8_t EmergencyPause();
V6MDebug.c(33): warning:  #111-D: statement is unreachable
                                break;
V6MDebug.c(44): warning:  #111-D: statement is unreachable
                                break;
V6MDebug.c(48): warning:  #111-D: statement is unreachable
                                break;
V6MDebug.c(51): warning:  #111-D: statement is unreachable
                                break;
V6MDebug.c(54): warning:  #111-D: statement is unreachable
                                break;
V6MDebug.c(60): warning:  #111-D: statement is unreachable
                                        break;
V6MDebug.c(64): warning:  #111-D: statement is unreachable
                                break;
V6MDebug.c(67): warning:  #111-D: statement is unreachable
                                break;
V6MDebug.c(70): warning:  #111-D: statement is unreachable
                                break;
V6MDebug.c(75): warning:  #111-D: statement is unreachable
                                break;
V6MDebug.c(103): warning:  #940-D: missing return statement at end of non-void function "uMotor_Move"
  }
V6MDebug.c(110): warning:  #940-D: missing return statement at end of non-void function "uMotor_Pause"
  }
V6MDebug.c(118): warning:  #940-D: missing return statement at end of non-void function "uMotor_Run"
  }
V6MDebug.c(125): warning:  #940-D: missing return statement at end of non-void function "uMotor_ChDir"
  }
V6MDebug.c(132): warning:  #940-D: missing return statement at end of non-void function "uMotor_ChSpeed"
  }
V6MDebug.c(164): warning:  #940-D: missing return statement at end of non-void function "uMotor_Status"
  }
V6MDebug.c(136): warning:  #177-D: variable "i" was declared but never referenced
                int i=0;
V6MDebug.c(170): warning:  #940-D: missing return statement at end of non-void function "uMotor_Clear"
  }
V6MDebug.c(174): warning:  #940-D: missing return statement at end of non-void function "uMotor_SetWorkingStatus"
  };
V6MDebug.c(179): warning:  #940-D: missing return statement at end of non-void function "uMotor_SetHome"
  }
V6MDebug.c(183): warning:  #940-D: missing return statement at end of non-void function "uMotor_MoveHome"
  }
V6MDebug.c(189): warning:  #1-D: last line of file ends without a newline
  }
V6MDebug.c(189): warning:  #940-D: missing return statement at end of non-void function "uServo_Rotate"
  }
V6MDebug.c: 28 warnings, 0 errors
compiling Motor_Ctrl.c...
Motor_Ctrl.h(70): warning:  #1295-D: Deprecated declaration EmergencyPause - give arg types
  uint8_t EmergencyPause();
Motor_Ctrl.c(19): warning:  #940-D: missing return statement at end of non-void function "InitServoController"
  }
Motor_Ctrl.c(91): warning:  #940-D: missing return statement at end of non-void function "ChangeSpeed"
  }
Motor_Ctrl.c(154): warning:  #940-D: missing return statement at end of non-void function "EmergencyPause"
  }
Motor_Ctrl.c(165): warning:  #940-D: missing return statement at end of non-void function "ChangeServoPosition"
  }
Motor_Ctrl.c: 5 warnings, 0 errors
compiling LCD_Driver.c...
compiling DrvGPIO.c...
compiling DrvPWM.c...
compiling DrvSYS.c...
compiling DrvUART.c...
compiling DrvUSB.c...
compiling retarget.c...
linking...
Program Size: Code=18804 RO-data=400 RW-data=2124 ZI-data=1684  
FromELF: creating hex file...
After Build - User command #1: fromelf --bin ".\obj\Smpl_HID_IO.axf" --output ".\obj\Smpl_HID_IO.bin"
After Build - User command #2: fromelf --text -c ".\obj\Smpl_HID_IO.axf" --output ".\obj\Smpl_HID_IO.txt"
".\obj\Smpl_HID_IO.axf" - 0 Error(s), 33 Warning(s).
*** Completed Cross-Module-Optimization after 2 iteration(s).

<h2>Collection of Component include folders:</h2>
  D:\Tai Lieu\Github\CNC_Nuvoton_Board\RTE
  C:\Keil_v5\ARM\PACK\Nuvoton\NuMicro_DFP\1.0.3\Device\NUC100\Include

<h2>Collection of Component Files used:</h2>
</pre>
</body>
</html>
